<html>
<body>
<pre>
<h1>µVision Build Log</h1>
<h2>Project:</h2>
C:\Users\milos\Desktop\ppsw\Archives\Timery\main.uvproj
Project File Date:  05/26/2025

<h2>Output:</h2>
Rebuild target 'Target 1'
assembling Startup.s...
compiling main.c...
compiling led.c...
compiling keyboard.c...
compiling timer.c...
linking...
.\main.axf: Error: L6218E: Undefined symbol main (referred from rtentry2.o).
".\main.axf" - 1 Errors, 0 Warning(s).
Target not created
Build target 'Target 1'
compiling main.c...
main.c(16): error:  #20: identifier "IO0CLR" is undefined
main.c(20): warning:  #111-D: statement is unreachable
compiling led.c...
".\main.axf" - 1 Errors, 1 Warning(s).
Target not created
Build target 'Target 1'
compiling main.c...
main.c(19): warning:  #111-D: statement is unreachable
linking...
Program Size: Code=1168 RO-data=32 RW-data=4 ZI-data=1260  
FromELF: creating hex file...
".\main.axf" - 0 Errors, 1 Warning(s).
Rebuild target 'Target 1'
assembling Startup.s...
compiling main.c...
compiling led.c...
compiling keyboard.c...
compiling timer.c...
linking...
Program Size: Code=1168 RO-data=32 RW-data=4 ZI-data=1260  
FromELF: creating hex file...
".\main.axf" - 0 Errors, 0 Warning(s).
Build target 'Target 1'
linking...
Program Size: Code=1168 RO-data=32 RW-data=4 ZI-data=1260  
FromELF: creating hex file...
".\main.axf" - 0 Errors, 0 Warning(s).
Build target 'Target 1'
linking...
Program Size: Code=1168 RO-data=32 RW-data=4 ZI-data=1260  
FromELF: creating hex file...
".\main.axf" - 0 Errors, 0 Warning(s).
Rebuild target 'Target 1'
assembling Startup.s...
compiling main.c...
compiling led.c...
compiling keyboard.c...
compiling timer.c...
linking...
Program Size: Code=1168 RO-data=32 RW-data=4 ZI-data=1260  
FromELF: creating hex file...
".\main.axf" - 0 Errors, 0 Warning(s).
Rebuild target 'Target 1'
assembling Startup.s...
compiling main.c...
compiling led.c...
compiling keyboard.c...
compiling timer.c...
linking...
Program Size: Code=1164 RO-data=32 RW-data=4 ZI-data=1260  
FromELF: creating hex file...
".\main.axf" - 0 Errors, 0 Warning(s).
Build target 'Target 1'
linking...
Program Size: Code=1164 RO-data=32 RW-data=4 ZI-data=1260  
FromELF: creating hex file...
".\main.axf" - 0 Errors, 0 Warning(s).
Build target 'Target 1'
compiling main.c...
linking...
Program Size: Code=1168 RO-data=32 RW-data=4 ZI-data=1260  
FromELF: creating hex file...
".\main.axf" - 0 Errors, 0 Warning(s).
Build target 'Target 1'
compiling main.c...
linking...
Program Size: Code=1168 RO-data=32 RW-data=4 ZI-data=1260  
FromELF: creating hex file...
".\main.axf" - 0 Errors, 0 Warning(s).
Build target 'Target 1'
linking...
Program Size: Code=1168 RO-data=32 RW-data=4 ZI-data=1260  
FromELF: creating hex file...
".\main.axf" - 0 Errors, 0 Warning(s).
Build target 'Target 1'
linking...
Program Size: Code=1168 RO-data=32 RW-data=4 ZI-data=1260  
FromELF: creating hex file...
".\main.axf" - 0 Errors, 0 Warning(s).
Build target 'Target 1'
compiling main.c...
compiling timer.c...
linking...
.\main.axf: Error: L6218E: Undefined symbol main (referred from rtentry2.o).
".\main.axf" - 1 Errors, 0 Warning(s).
Target not created
Build target 'Target 1'
compiling timer.c...
linking...
.\main.axf: Error: L6218E: Undefined symbol main (referred from rtentry2.o).
".\main.axf" - 1 Errors, 0 Warning(s).
Target not created
Build target 'Target 1'
compiling main.c...
main.c(38): warning:  #111-D: statement is unreachable
compiling led.c...
compiling timer.c...
linking...
Program Size: Code=1284 RO-data=32 RW-data=4 ZI-data=1260  
FromELF: creating hex file...
".\main.axf" - 0 Errors, 1 Warning(s).
Rebuild target 'Target 1'
assembling Startup.s...
compiling main.c...
compiling led.c...
compiling keyboard.c...
compiling timer.c...
linking...
Program Size: Code=1284 RO-data=32 RW-data=4 ZI-data=1260  
FromELF: creating hex file...
".\main.axf" - 0 Errors, 0 Warning(s).
Build target 'Target 1'
linking...
Program Size: Code=1284 RO-data=32 RW-data=4 ZI-data=1260  
FromELF: creating hex file...
".\main.axf" - 0 Errors, 0 Warning(s).
Rebuild target 'Target 1'
assembling Startup.s...
compiling main.c...
compiling led.c...
compiling keyboard.c...
compiling timer.c...
linking...
.\main.axf: Error: L6218E: Undefined symbol main (referred from rtentry2.o).
".\main.axf" - 1 Errors, 0 Warning(s).
Target not created
Build target 'Target 1'
linking...
.\main.axf: Error: L6218E: Undefined symbol main (referred from rtentry2.o).
".\main.axf" - 1 Errors, 0 Warning(s).
Target not created
Rebuild target 'Target 1'
assembling Startup.s...
compiling main.c...
compiling led.c...
compiling keyboard.c...
compiling timer.c...
linking...
Program Size: Code=1284 RO-data=32 RW-data=4 ZI-data=1260  
FromELF: creating hex file...
".\main.axf" - 0 Errors, 0 Warning(s).
Build target 'Target 1'
linking...
Program Size: Code=1284 RO-data=32 RW-data=4 ZI-data=1260  
FromELF: creating hex file...
".\main.axf" - 0 Errors, 0 Warning(s).
Build target 'Target 1'
compiling main.c...
linking...
Program Size: Code=1284 RO-data=32 RW-data=4 ZI-data=1260  
FromELF: creating hex file...
".\main.axf" - 0 Errors, 0 Warning(s).
Rebuild target 'Target 1'
assembling Startup.s...
compiling main.c...
compiling led.c...
compiling keyboard.c...
compiling timer.c...
linking...
Program Size: Code=1284 RO-data=32 RW-data=4 ZI-data=1260  
FromELF: creating hex file...
".\main.axf" - 0 Errors, 0 Warning(s).
Build target 'Target 1'
linking...
Program Size: Code=1284 RO-data=32 RW-data=4 ZI-data=1260  
FromELF: creating hex file...
".\main.axf" - 0 Errors, 0 Warning(s).
Build target 'Target 1'
linking...
Program Size: Code=1284 RO-data=32 RW-data=4 ZI-data=1260  
FromELF: creating hex file...
".\main.axf" - 0 Errors, 0 Warning(s).
