<html>
<body>
<pre>
<h1>µVision Build Log</h1>
<h2>Project:</h2>
C:\Users\milos\Desktop\ppsw\Archives\Timery\main.uvproj
Project File Date:  05/26/2025

<h2>Output:</h2>
Build target 'Target 1'
compiling main.c...
compiling keyboard.c...
compiling timer.c...
linking...
Program Size: Code=1284 RO-data=32 RW-data=4 ZI-data=1260  
FromELF: creating hex file...
".\main.axf" - 0 Errors, 0 Warning(s).
Build target 'Target 1'
compiling led.c...
linking...
Program Size: Code=1288 RO-data=32 RW-data=4 ZI-data=1260  
FromELF: creating hex file...
".\main.axf" - 0 Errors, 0 Warning(s).
Rebuild target 'Target 1'
assembling Startup.s...
compiling main.c...
compiling led.c...
compiling keyboard.c...
compiling timer.c...
linking...
Program Size: Code=1288 RO-data=32 RW-data=4 ZI-data=1260  
FromELF: creating hex file...
".\main.axf" - 0 Errors, 0 Warning(s).
Rebuild target 'Target 1'
assembling Startup.s...
compiling main.c...
compiling led.c...
compiling keyboard.c...
compiling timer.c...
linking...
Program Size: Code=1288 RO-data=32 RW-data=4 ZI-data=1260  
FromELF: creating hex file...
".\main.axf" - 0 Errors, 0 Warning(s).
Clean started: Project: 'main'
   deleting intermediate output files for target 'Target 1'
Build target 'Target 1'
assembling Startup.s...
compiling main.c...
compiling led.c...
compiling keyboard.c...
compiling timer.c...
linking...
Program Size: Code=1288 RO-data=32 RW-data=4 ZI-data=1260  
FromELF: creating hex file...
".\main.axf" - 0 Errors, 0 Warning(s).
