<html>
<body>
<pre>
<h1>µVision Build Log</h1>
<h2>Project:</h2>
C:\Users\kmie\Desktop\PRZERWANIA\GPIO_4_2_26.uvproj
Project File Date:  05/21/2025

<h2>Output:</h2>
Rebuild target 'Target 1'
assembling Startup.s...
compiling GPIO_4_2_20.c...
compiling keyboard.c...
compiling led.c...
compiling timer.c...
compiling timer_interrupts.c...
linking...
Program Size: Code=1552 RO-data=32 RW-data=12 ZI-data=1260  
FromELF: creating hex file...
".\GPIO_4_2_26.axf" - 0 Errors, 0 Warning(s).
Rebuild target 'Target 1'
assembling Startup.s...
compiling GPIO_4_2_20.c...
compiling keyboard.c...
compiling led.c...
compiling timer.c...
compiling timer_interrupts.c...
linking...
Program Size: Code=1568 RO-data=32 RW-data=12 ZI-data=1260  
FromELF: creating hex file...
".\GPIO_4_2_26.axf" - 0 Errors, 0 Warning(s).
Rebuild target 'Target 1'
assembling Startup.s...
compiling GPIO_4_2_20.c...
GPIO_4_2_20.c(44): warning:  #177-D: variable "iMainLoopCtr" was declared but never referenced
compiling keyboard.c...
compiling led.c...
compiling timer.c...
compiling timer_interrupts.c...
linking...
Program Size: Code=1548 RO-data=32 RW-data=12 ZI-data=1260  
FromELF: creating hex file...
".\GPIO_4_2_26.axf" - 0 Errors, 1 Warning(s).
Rebuild target 'Target 1'
assembling Startup.s...
compiling GPIO_4_2_20.c...
compiling keyboard.c...
compiling led.c...
compiling timer.c...
compiling timer_interrupts.c...
linking...
Program Size: Code=1568 RO-data=32 RW-data=12 ZI-data=1260  
FromELF: creating hex file...
".\GPIO_4_2_26.axf" - 0 Errors, 0 Warning(s).
Rebuild target 'Target 1'
assembling Startup.s...
compiling GPIO_4_2_20.c...
compiling keyboard.c...
compiling led.c...
compiling timer.c...
compiling timer_interrupts.c...
linking...
Program Size: Code=1568 RO-data=32 RW-data=12 ZI-data=1260  
FromELF: creating hex file...
".\GPIO_4_2_26.axf" - 0 Errors, 0 Warning(s).
