<html>
<body>
<pre>
<h1>µVision Build Log</h1>
<h2>Project:</h2>
C:\Users\milos\Desktop\ppsw\Archives\GPIO\Main.uvproj
Project File Date:  05/15/2025

<h2>Output:</h2>
Rebuild target 'Target 1'
assembling Startup.s...
compiling main.c...
linking...
Program Size: Code=1228 RO-data=32 RW-data=4 ZI-data=1260  
FromELF: creating hex file...
".\Main.axf" - 0 Errors, 0 Warning(s).
Build target 'Target 1'
linking...
Program Size: Code=1228 RO-data=32 RW-data=4 ZI-data=1260  
FromELF: creating hex file...
".\Main.axf" - 0 Errors, 0 Warning(s).
Build target 'Target 1'
linking...
Program Size: Code=1228 RO-data=32 RW-data=4 ZI-data=1260  
FromELF: creating hex file...
".\Main.axf" - 0 Errors, 0 Warning(s).
Build target 'Target 1'
compiling main.c...
linking...
Program Size: Code=1228 RO-data=32 RW-data=4 ZI-data=1260  
FromELF: creating hex file...
".\Main.axf" - 0 Errors, 0 Warning(s).
Rebuild target 'Target 1'
assembling Startup.s...
compiling main.c...
linking...
Program Size: Code=1228 RO-data=32 RW-data=4 ZI-data=1260  
FromELF: creating hex file...
".\Main.axf" - 0 Errors, 0 Warning(s).
Build target 'Target 1'
compiling main.c...
linking...
Program Size: Code=1228 RO-data=32 RW-data=4 ZI-data=1260  
FromELF: creating hex file...
".\Main.axf" - 0 Errors, 0 Warning(s).
Build target 'Target 1'
compiling main.c...
main.c(128): warning:  #223-D: function "delay" declared implicitly
linking...
.\Main.axf: Error: L6218E: Undefined symbol delay (referred from main.o).
".\Main.axf" - 1 Errors, 1 Warning(s).
Target not created
Build target 'Target 1'
compiling main.c...
main.c(128): warning:  #223-D: function "delay" declared implicitly
linking...
.\Main.axf: Error: L6218E: Undefined symbol delay (referred from main.o).
".\Main.axf" - 1 Errors, 1 Warning(s).
Target not created
Rebuild target 'Target 1'
assembling Startup.s...
compiling main.c...
linking...
Program Size: Code=1212 RO-data=32 RW-data=4 ZI-data=1260  
FromELF: creating hex file...
".\Main.axf" - 0 Errors, 0 Warning(s).
Rebuild target 'Target 1'
assembling Startup.s...
compiling main.c...
linking...
Program Size: Code=1212 RO-data=32 RW-data=4 ZI-data=1260  
FromELF: creating hex file...
".\Main.axf" - 0 Errors, 0 Warning(s).
Rebuild target 'Target 1'
assembling Startup.s...
compiling main.c...
linking...
Program Size: Code=1212 RO-data=32 RW-data=4 ZI-data=1260  
FromELF: creating hex file...
".\Main.axf" - 0 Errors, 0 Warning(s).
Build target 'Target 1'
linking...
Program Size: Code=1212 RO-data=32 RW-data=4 ZI-data=1260  
FromELF: creating hex file...
".\Main.axf" - 0 Errors, 0 Warning(s).
Rebuild target 'Target 1'
assembling Startup.s...
compiling main.c...
linking...
Program Size: Code=1212 RO-data=32 RW-data=4 ZI-data=1260  
FromELF: creating hex file...
".\Main.axf" - 0 Errors, 0 Warning(s).
Rebuild target 'Target 1'
assembling Startup.s...
compiling main.c...
linking...
Program Size: Code=1212 RO-data=32 RW-data=4 ZI-data=1260  
FromELF: creating hex file...
".\Main.axf" - 0 Errors, 0 Warning(s).
Rebuild target 'Target 1'
assembling Startup.s...
compiling main.c...
linking...
Program Size: Code=1212 RO-data=32 RW-data=4 ZI-data=1260  
FromELF: creating hex file...
".\Main.axf" - 0 Errors, 0 Warning(s).
Rebuild target 'Target 1'
assembling Startup.s...
compiling main.c...
linking...
Program Size: Code=1204 RO-data=32 RW-data=4 ZI-data=1260  
FromELF: creating hex file...
".\Main.axf" - 0 Errors, 0 Warning(s).
Build target 'Target 1'
linking...
Program Size: Code=1204 RO-data=32 RW-data=4 ZI-data=1260  
FromELF: creating hex file...
".\Main.axf" - 0 Errors, 0 Warning(s).
Rebuild target 'Target 1'
assembling Startup.s...
compiling main.c...
linking...
Program Size: Code=1196 RO-data=32 RW-data=4 ZI-data=1260  
FromELF: creating hex file...
".\Main.axf" - 0 Errors, 0 Warning(s).
Build target 'Target 1'
linking...
Program Size: Code=1196 RO-data=32 RW-data=4 ZI-data=1260  
FromELF: creating hex file...
".\Main.axf" - 0 Errors, 0 Warning(s).
Build target 'Target 1'
compiling main.c...
linking...
Program Size: Code=1204 RO-data=32 RW-data=4 ZI-data=1260  
FromELF: creating hex file...
".\Main.axf" - 0 Errors, 0 Warning(s).
Rebuild target 'Target 1'
assembling Startup.s...
compiling main.c...
linking...
Program Size: Code=1196 RO-data=32 RW-data=4 ZI-data=1260  
FromELF: creating hex file...
".\Main.axf" - 0 Errors, 0 Warning(s).
Rebuild target 'Target 1'
assembling Startup.s...
compiling main.c...
linking...
Program Size: Code=1196 RO-data=32 RW-data=4 ZI-data=1260  
FromELF: creating hex file...
".\Main.axf" - 0 Errors, 0 Warning(s).
Rebuild target 'Target 1'
assembling Startup.s...
compiling main.c...
main.c(126): warning:  #177-D: variable "eKeyboardState" was declared but never referenced
linking...
Program Size: Code=1200 RO-data=32 RW-data=4 ZI-data=1260  
FromELF: creating hex file...
".\Main.axf" - 0 Errors, 1 Warning(s).
Rebuild target 'Target 1'
assembling Startup.s...
compiling main.c...
linking...
Program Size: Code=1204 RO-data=32 RW-data=4 ZI-data=1260  
FromELF: creating hex file...
".\Main.axf" - 0 Errors, 0 Warning(s).
Rebuild target 'Target 1'
assembling Startup.s...
compiling main.c...
linking...
Program Size: Code=1204 RO-data=32 RW-data=4 ZI-data=1260  
FromELF: creating hex file...
".\Main.axf" - 0 Errors, 0 Warning(s).
Build target 'Target 1'
linking...
Program Size: Code=1204 RO-data=32 RW-data=4 ZI-data=1260  
FromELF: creating hex file...
".\Main.axf" - 0 Errors, 0 Warning(s).
Build target 'Target 1'
linking...
Program Size: Code=1204 RO-data=32 RW-data=4 ZI-data=1260  
FromELF: creating hex file...
".\Main.axf" - 0 Errors, 0 Warning(s).
Build target 'Target 1'
compiling main.c...
linking...
Program Size: Code=1204 RO-data=32 RW-data=4 ZI-data=1260  
FromELF: creating hex file...
".\Main.axf" - 0 Errors, 0 Warning(s).
Build target 'Target 1'
linking...
Program Size: Code=1204 RO-data=32 RW-data=4 ZI-data=1260  
FromELF: creating hex file...
".\Main.axf" - 0 Errors, 0 Warning(s).
