<html>
<body>
<pre>
<h1>µVision Build Log</h1>
<h2>Project:</h2>
C:\Users\student\Desktop\ppsw\Archives\GPIO\Main.uvproj
Project File Date:  05/21/2025

<h2>Output:</h2>
Rebuild target 'Target 1'
assembling Startup.s...
compiling main.c...
linking...
Program Size: Code=1204 RO-data=32 RW-data=4 ZI-data=1260  
FromELF: creating hex file...
".\Main.axf" - 0 Errors, 0 Warning(s).
Rebuild target 'Target 1'
assembling Startup.s...
compiling main.c...
linking...
Program Size: Code=1204 RO-data=32 RW-data=4 ZI-data=1260  
FromELF: creating hex file...
".\Main.axf" - 0 Errors, 0 Warning(s).
Rebuild target 'Target 1'
assembling Startup.s...
compiling main.c...
linking...
Program Size: Code=1204 RO-data=32 RW-data=4 ZI-data=1260  
FromELF: creating hex file...
".\Main.axf" - 0 Errors, 0 Warning(s).
Build target 'Target 1'
compiling main.c...
main.c(147): error:  #65: expected a ";"
".\Main.axf" - 1 Errors, 0 Warning(s).
Target not created
Build target 'Target 1'
compiling main.c...
linking...
Program Size: Code=1124 RO-data=32 RW-data=4 ZI-data=1260  
FromELF: creating hex file...
".\Main.axf" - 0 Errors, 0 Warning(s).
Rebuild target 'Target 1'
assembling Startup.s...
compiling main.c...
linking...
Program Size: Code=1136 RO-data=32 RW-data=4 ZI-data=1260  
FromELF: creating hex file...
".\Main.axf" - 0 Errors, 0 Warning(s).
Rebuild target 'Target 1'
assembling Startup.s...
compiling main.c...
linking...
Program Size: Code=1136 RO-data=32 RW-data=4 ZI-data=1260  
FromELF: creating hex file...
".\Main.axf" - 0 Errors, 0 Warning(s).
Build target 'Target 1'
compiling main.c...
linking...
Program Size: Code=1128 RO-data=32 RW-data=4 ZI-data=1260  
FromELF: creating hex file...
".\Main.axf" - 0 Errors, 0 Warning(s).
Rebuild target 'Target 1'
assembling Startup.s...
compiling main.c...
main.c(51): error:  #116: a break statement may only be used within a loop or switch
main.c(52): error:  #121: a case label may only be used within a switch
main.c(54): error:  #116: a break statement may only be used within a loop or switch
main.c(55): error:  #121: a case label may only be used within a switch
main.c(57): error:  #116: a break statement may only be used within a loop or switch
main.c(58): error:  #121: a case label may only be used within a switch
main.c(60): error:  #116: a break statement may only be used within a loop or switch
".\Main.axf" - 7 Errors, 0 Warning(s).
Target not created
Rebuild target 'Target 1'
assembling Startup.s...
compiling main.c...
main.c(50): error:  #268: declaration may not appear after executable statement in block
main.c(50): error:  #67: expected a "}"
".\Main.axf" - 2 Errors, 0 Warning(s).
Target not created
Rebuild target 'Target 1'
assembling Startup.s...
compiling main.c...
linking...
Program Size: Code=1220 RO-data=32 RW-data=4 ZI-data=1260  
FromELF: creating hex file...
".\Main.axf" - 0 Errors, 0 Warning(s).
Build target 'Target 1'
linking...
Program Size: Code=1220 RO-data=32 RW-data=4 ZI-data=1260  
FromELF: creating hex file...
".\Main.axf" - 0 Errors, 0 Warning(s).
Build target 'Target 1'
compiling main.c...
linking...
Program Size: Code=1212 RO-data=32 RW-data=4 ZI-data=1260  
FromELF: creating hex file...
".\Main.axf" - 0 Errors, 0 Warning(s).
Build target 'Target 1'
linking...
Program Size: Code=1212 RO-data=32 RW-data=4 ZI-data=1260  
FromELF: creating hex file...
".\Main.axf" - 0 Errors, 0 Warning(s).
Rebuild target 'Target 1'
assembling Startup.s...
compiling main.c...
linking...
Program Size: Code=1224 RO-data=32 RW-data=4 ZI-data=1260  
FromELF: creating hex file...
".\Main.axf" - 0 Errors, 0 Warning(s).
Rebuild target 'Target 1'
assembling Startup.s...
compiling main.c...
main.c(132): warning:  #223-D: function "delay" declared implicitly
main.c(136): warning:  #223-D: function "delay" declared implicitly
linking...
.\Main.axf: Error: L6218E: Undefined symbol delay (referred from main.o).
".\Main.axf" - 1 Errors, 2 Warning(s).
Target not created
Rebuild target 'Target 1'
assembling Startup.s...
compiling main.c...
linking...
Program Size: Code=1328 RO-data=32 RW-data=4 ZI-data=1260  
FromELF: creating hex file...
".\Main.axf" - 0 Errors, 0 Warning(s).
Rebuild target 'Target 1'
assembling Startup.s...
compiling main.c...
linking...
Program Size: Code=1328 RO-data=32 RW-data=4 ZI-data=1260  
FromELF: creating hex file...
".\Main.axf" - 0 Errors, 0 Warning(s).
Rebuild target 'Target 1'
assembling Startup.s...
compiling main.c...
linking...
Program Size: Code=1204 RO-data=32 RW-data=4 ZI-data=1260  
FromELF: creating hex file...
".\Main.axf" - 0 Errors, 0 Warning(s).
Rebuild target 'Target 1'
assembling Startup.s...
compiling main.c...
linking...
Program Size: Code=1304 RO-data=32 RW-data=4 ZI-data=1260  
FromELF: creating hex file...
".\Main.axf" - 0 Errors, 0 Warning(s).
Rebuild target 'Target 1'
assembling Startup.s...
compiling main.c...
linking...
Program Size: Code=1304 RO-data=32 RW-data=4 ZI-data=1260  
FromELF: creating hex file...
".\Main.axf" - 0 Errors, 0 Warning(s).
Rebuild target 'Target 1'
assembling Startup.s...
compiling main.c...
linking...
Program Size: Code=1304 RO-data=32 RW-data=4 ZI-data=1260  
FromELF: creating hex file...
".\Main.axf" - 0 Errors, 0 Warning(s).
Rebuild target 'Target 1'
assembling Startup.s...
compiling main.c...
linking...
Program Size: Code=1328 RO-data=32 RW-data=4 ZI-data=1260  
FromELF: creating hex file...
".\Main.axf" - 0 Errors, 0 Warning(s).
Build target 'Target 1'
compiling main.c...
main.c(84): error:  #20: identifier "ucCurrentLedIndex" is undefined
".\Main.axf" - 1 Errors, 0 Warning(s).
Target not created
Build target 'Target 1'
compiling main.c...
linking...
Program Size: Code=1304 RO-data=32 RW-data=4 ZI-data=1260  
FromELF: creating hex file...
".\Main.axf" - 0 Errors, 0 Warning(s).
Rebuild target 'Target 1'
assembling Startup.s...
compiling main.c...
linking...
Program Size: Code=1304 RO-data=32 RW-data=4 ZI-data=1260  
FromELF: creating hex file...
".\Main.axf" - 0 Errors, 0 Warning(s).
Rebuild target 'Target 1'
assembling Startup.s...
compiling main.c...
linking...
Program Size: Code=1304 RO-data=32 RW-data=4 ZI-data=1260  
FromELF: creating hex file...
".\Main.axf" - 0 Errors, 0 Warning(s).
Build target 'Target 1'
compiling main.c...
linking...
Program Size: Code=1304 RO-data=32 RW-data=4 ZI-data=1260  
FromELF: creating hex file...
".\Main.axf" - 0 Errors, 0 Warning(s).
Build target 'Target 1'
compiling main.c...
linking...
Program Size: Code=1328 RO-data=32 RW-data=4 ZI-data=1260  
FromELF: creating hex file...
".\Main.axf" - 0 Errors, 0 Warning(s).
Rebuild target 'Target 1'
assembling Startup.s...
compiling main.c...
linking...
Program Size: Code=1328 RO-data=32 RW-data=4 ZI-data=1260  
FromELF: creating hex file...
".\Main.axf" - 0 Errors, 0 Warning(s).
Rebuild target 'Target 1'
assembling Startup.s...
compiling main.c...
main.c(84): error:  #20: identifier "uiCurrentledIndex" is undefined
".\Main.axf" - 1 Errors, 0 Warning(s).
Target not created
Rebuild target 'Target 1'
assembling Startup.s...
compiling main.c...
linking...
Program Size: Code=1312 RO-data=32 RW-data=4 ZI-data=1260  
FromELF: creating hex file...
".\Main.axf" - 0 Errors, 0 Warning(s).
Rebuild target 'Target 1'
assembling Startup.s...
compiling main.c...
linking...
Program Size: Code=1312 RO-data=32 RW-data=4 ZI-data=1260  
FromELF: creating hex file...
".\Main.axf" - 0 Errors, 0 Warning(s).
Rebuild target 'Target 1'
assembling Startup.s...
compiling main.c...
linking...
Program Size: Code=1312 RO-data=32 RW-data=4 ZI-data=1260  
FromELF: creating hex file...
".\Main.axf" - 0 Errors, 0 Warning(s).
Rebuild target 'Target 1'
assembling Startup.s...
compiling main.c...
linking...
Program Size: Code=1300 RO-data=32 RW-data=4 ZI-data=1260  
FromELF: creating hex file...
".\Main.axf" - 0 Errors, 0 Warning(s).
Rebuild target 'Target 1'
assembling Startup.s...
compiling main.c...
linking...
Program Size: Code=1300 RO-data=32 RW-data=4 ZI-data=1260  
FromELF: creating hex file...
".\Main.axf" - 0 Errors, 0 Warning(s).
