<html>
<body>
<pre>
<h1>µVision Build Log</h1>
<h2>Project:</h2>
C:\Users\milos\Desktop\ppsw\Archives\Serwo\main.uvproj
Project File Date:  06/03/2025

<h2>Output:</h2>
Rebuild target 'Target 1'
assembling Startup.s...
compiling main.c...
compiling led.c...
compiling keyboard.c...
compiling timer.c...
compiling timer_interrupts.c...
compiling servo.c...
servo.c(5): error:  #5: cannot open source input file "servo.h": No such file or directory
".\main.axf" - 1 Errors, 0 Warning(s).
Target not created
Rebuild target 'Target 1'
assembling Startup.s...
compiling main.c...
compiling led.c...
compiling keyboard.c...
compiling timer.c...
compiling timer_interrupts.c...
compiling servo.c...
linking...
.\main.axf: Error: L6200E: Symbol Automat multiply defined (by servo.o and main.o).
".\main.axf" - 1 Errors, 0 Warning(s).
Target not created
Build target 'Target 1'
compiling servo.c...
linking...
.\main.axf: Error: L6200E: Symbol Automat multiply defined (by servo.o and main.o).
".\main.axf" - 1 Errors, 0 Warning(s).
Target not created
Rebuild target 'Target 1'
assembling Startup.s...
compiling main.c...
compiling led.c...
compiling keyboard.c...
compiling timer.c...
compiling timer_interrupts.c...
compiling servo.c...
linking...
.\main.axf: Error: L6218E: Undefined symbol main (referred from rtentry2.o).
".\main.axf" - 1 Errors, 0 Warning(s).
Target not created
Rebuild target 'Target 1'
assembling Startup.s...
compiling main.c...
compiling led.c...
compiling keyboard.c...
compiling timer.c...
compiling timer_interrupts.c...
compiling servo.c...
linking...
Program Size: Code=2324 RO-data=32 RW-data=8 ZI-data=1272  
FromELF: creating hex file...
".\main.axf" - 0 Errors, 0 Warning(s).
Rebuild target 'Target 1'
assembling Startup.s...
compiling main.c...
compiling led.c...
compiling keyboard.c...
compiling timer.c...
compiling timer_interrupts.c...
compiling servo.c...
linking...
Program Size: Code=2324 RO-data=32 RW-data=8 ZI-data=1272  
FromELF: creating hex file...
".\main.axf" - 0 Errors, 0 Warning(s).
