<html>
<body>
<pre>
<h1>µVision Build Log</h1>
<h2>Project:</h2>
C:\Users\milos\Desktop\ppsw\Archives\Serwo\main.uvproj
Project File Date:  06/03/2025

<h2>Output:</h2>
Rebuild target 'Target 1'
assembling Startup.s...
compiling main.c...
compiling led.c...
compiling keyboard.c...
compiling timer.c...
compiling timer_interrupts.c...
compiling servo.c...
linking...
Program Size: Code=2324 RO-data=32 RW-data=8 ZI-data=1272  
FromELF: creating hex file...
".\main.axf" - 0 Errors, 0 Warning(s).
Rebuild target 'Target 1'
assembling Startup.s...
compiling main.c...
compiling led.c...
compiling keyboard.c...
compiling timer.c...
compiling timer_interrupts.c...
compiling servo.c...
linking...
Program Size: Code=2324 RO-data=32 RW-data=8 ZI-data=1272  
FromELF: creating hex file...
".\main.axf" - 0 Errors, 0 Warning(s).
Rebuild target 'Target 1'
assembling Startup.s...
compiling main.c...
compiling led.c...
compiling keyboard.c...
compiling timer.c...
compiling timer_interrupts.c...
compiling servo.c...
linking...
Program Size: Code=2324 RO-data=32 RW-data=8 ZI-data=1272  
FromELF: creating hex file...
".\main.axf" - 0 Errors, 0 Warning(s).
Rebuild target 'Target 1'
assembling Startup.s...
compiling main.c...
compiling led.c...
compiling keyboard.c...
compiling timer.c...
compiling timer_interrupts.c...
compiling servo.c...
linking...
Program Size: Code=2324 RO-data=32 RW-data=8 ZI-data=1272  
FromELF: creating hex file...
".\main.axf" - 0 Errors, 0 Warning(s).
Rebuild target 'Target 1'
assembling Startup.s...
compiling main.c...
compiling led.c...
compiling keyboard.c...
compiling timer.c...
compiling timer_interrupts.c...
compiling servo.c...
linking...
Program Size: Code=2324 RO-data=32 RW-data=8 ZI-data=1272  
FromELF: creating hex file...
".\main.axf" - 0 Errors, 0 Warning(s).
Rebuild target 'Target 1'
assembling Startup.s...
compiling main.c...
compiling led.c...
compiling keyboard.c...
compiling timer.c...
compiling timer_interrupts.c...
compiling servo.c...
linking...
Program Size: Code=2324 RO-data=32 RW-data=8 ZI-data=1272  
FromELF: creating hex file...
".\main.axf" - 0 Errors, 0 Warning(s).
Rebuild target 'Target 1'
assembling Startup.s...
compiling main.c...
compiling led.c...
compiling keyboard.c...
compiling timer.c...
compiling timer_interrupts.c...
compiling servo.c...
linking...
Program Size: Code=2324 RO-data=32 RW-data=8 ZI-data=1272  
FromELF: creating hex file...
".\main.axf" - 0 Errors, 0 Warning(s).
Rebuild target 'Target 1'
assembling Startup.s...
compiling main.c...
compiling led.c...
compiling keyboard.c...
compiling timer.c...
compiling timer_interrupts.c...
compiling servo.c...
linking...
Program Size: Code=2324 RO-data=32 RW-data=8 ZI-data=1272  
FromELF: creating hex file...
".\main.axf" - 0 Errors, 0 Warning(s).
Rebuild target 'Target 1'
assembling Startup.s...
compiling main.c...
compiling led.c...
compiling keyboard.c...
compiling timer.c...
compiling timer_interrupts.c...
compiling servo.c...
linking...
Program Size: Code=2324 RO-data=32 RW-data=8 ZI-data=1272  
FromELF: creating hex file...
".\main.axf" - 0 Errors, 0 Warning(s).
Build target 'Target 1'
linking...
Program Size: Code=2324 RO-data=32 RW-data=8 ZI-data=1272  
FromELF: creating hex file...
".\main.axf" - 0 Errors, 0 Warning(s).
Rebuild target 'Target 1'
assembling Startup.s...
compiling main.c...
compiling led.c...
compiling keyboard.c...
compiling timer.c...
compiling timer_interrupts.c...
compiling servo.c...
linking...
Program Size: Code=2324 RO-data=32 RW-data=8 ZI-data=1272  
FromELF: creating hex file...
".\main.axf" - 0 Errors, 0 Warning(s).
Rebuild target 'Target 1'
assembling Startup.s...
compiling main.c...
compiling led.c...
compiling keyboard.c...
compiling timer.c...
compiling timer_interrupts.c...
compiling servo.c...
linking...
Program Size: Code=2324 RO-data=32 RW-data=8 ZI-data=1272  
FromELF: creating hex file...
".\main.axf" - 0 Errors, 0 Warning(s).
Rebuild target 'Target 1'
assembling Startup.s...
compiling main.c...
compiling led.c...
compiling keyboard.c...
compiling timer.c...
compiling timer_interrupts.c...
compiling servo.c...
linking...
Program Size: Code=2324 RO-data=32 RW-data=8 ZI-data=1272  
FromELF: creating hex file...
".\main.axf" - 0 Errors, 0 Warning(s).
Rebuild target 'Target 1'
assembling Startup.s...
compiling main.c...
compiling led.c...
compiling keyboard.c...
compiling timer.c...
compiling timer_interrupts.c...
compiling servo.c...
linking...
Program Size: Code=2324 RO-data=32 RW-data=8 ZI-data=1272  
FromELF: creating hex file...
".\main.axf" - 0 Errors, 0 Warning(s).
Rebuild target 'Target 1'
assembling Startup.s...
compiling main.c...
compiling led.c...
compiling keyboard.c...
compiling timer.c...
compiling timer_interrupts.c...
compiling servo.c...
linking...
Program Size: Code=2324 RO-data=32 RW-data=8 ZI-data=1272  
FromELF: creating hex file...
".\main.axf" - 0 Errors, 0 Warning(s).
Rebuild target 'Target 1'
assembling Startup.s...
compiling main.c...
compiling led.c...
compiling keyboard.c...
compiling timer.c...
compiling timer_interrupts.c...
compiling servo.c...
linking...
Program Size: Code=2324 RO-data=32 RW-data=8 ZI-data=1272  
FromELF: creating hex file...
".\main.axf" - 0 Errors, 0 Warning(s).
Rebuild target 'Target 1'
assembling Startup.s...
compiling main.c...
compiling led.c...
compiling keyboard.c...
compiling timer.c...
compiling timer_interrupts.c...
compiling servo.c...
linking...
Program Size: Code=2324 RO-data=32 RW-data=8 ZI-data=1272  
FromELF: creating hex file...
".\main.axf" - 0 Errors, 0 Warning(s).
Rebuild target 'Target 1'
assembling Startup.s...
compiling main.c...
compiling led.c...
compiling keyboard.c...
compiling timer.c...
compiling timer_interrupts.c...
compiling servo.c...
linking...
Program Size: Code=2324 RO-data=32 RW-data=8 ZI-data=1272  
FromELF: creating hex file...
".\main.axf" - 0 Errors, 0 Warning(s).
Rebuild target 'Target 1'
assembling Startup.s...
compiling main.c...
compiling led.c...
compiling keyboard.c...
compiling timer.c...
compiling timer_interrupts.c...
compiling servo.c...
linking...
Program Size: Code=2324 RO-data=32 RW-data=8 ZI-data=1272  
FromELF: creating hex file...
".\main.axf" - 0 Errors, 0 Warning(s).
Rebuild target 'Target 1'
assembling Startup.s...
compiling main.c...
compiling led.c...
compiling keyboard.c...
compiling timer.c...
compiling timer_interrupts.c...
compiling servo.c...
linking...
Program Size: Code=2324 RO-data=32 RW-data=8 ZI-data=1272  
FromELF: creating hex file...
".\main.axf" - 0 Errors, 0 Warning(s).
Rebuild target 'Target 1'
assembling Startup.s...
compiling main.c...
compiling led.c...
compiling keyboard.c...
compiling timer.c...
compiling timer_interrupts.c...
compiling servo.c...
linking...
Program Size: Code=2324 RO-data=32 RW-data=8 ZI-data=1272  
FromELF: creating hex file...
".\main.axf" - 0 Errors, 0 Warning(s).
Rebuild target 'Target 1'
assembling Startup.s...
compiling main.c...
compiling led.c...
compiling keyboard.c...
compiling timer.c...
compiling timer_interrupts.c...
compiling servo.c...
linking...
Program Size: Code=2324 RO-data=32 RW-data=8 ZI-data=1272  
FromELF: creating hex file...
".\main.axf" - 0 Errors, 0 Warning(s).
Rebuild target 'Target 1'
assembling Startup.s...
compiling main.c...
compiling led.c...
compiling keyboard.c...
compiling timer.c...
compiling timer_interrupts.c...
compiling servo.c...
linking...
Program Size: Code=2324 RO-data=32 RW-data=8 ZI-data=1272  
FromELF: creating hex file...
".\main.axf" - 0 Errors, 0 Warning(s).
Rebuild target 'Target 1'
assembling Startup.s...
compiling main.c...
compiling led.c...
compiling keyboard.c...
compiling timer.c...
compiling timer_interrupts.c...
compiling servo.c...
linking...
Program Size: Code=2324 RO-data=32 RW-data=8 ZI-data=1272  
FromELF: creating hex file...
".\main.axf" - 0 Errors, 0 Warning(s).
