<html>
<body>
<pre>
<h1>µVision Build Log</h1>
<h2>Project:</h2>
C:\Users\kmie\Desktop\TIMER_KONIEC(WISH)\GPIO_4_2_26.uvproj
Project File Date:  05/21/2025

<h2>Output:</h2>
Rebuild target 'Target 1'
assembling Startup.s...
compiling GPIO_4_2_20.c...
compiling keyboard.c...
compiling led.c...
compiling timer.c...
timer.c(37): error:  #109: expression must have (pointer-to-) function type
".\GPIO_4_2_26.axf" - 1 Errors, 0 Warning(s).
Target not created
Rebuild target 'Target 1'
assembling Startup.s...
compiling GPIO_4_2_20.c...
compiling keyboard.c...
compiling led.c...
compiling timer.c...
linking...
Program Size: Code=1268 RO-data=32 RW-data=4 ZI-data=1260  
FromELF: creating hex file...
".\GPIO_4_2_26.axf" - 0 Errors, 0 Warning(s).
Rebuild target 'Target 1'
assembling Startup.s...
compiling GPIO_4_2_20.c...
compiling keyboard.c...
compiling led.c...
compiling timer.c...
linking...
Program Size: Code=1276 RO-data=32 RW-data=4 ZI-data=1260  
FromELF: creating hex file...
".\GPIO_4_2_26.axf" - 0 Errors, 0 Warning(s).
