<html>
<body>
<pre>
<h1>µVision Build Log</h1>
<h2>Project:</h2>
C:\Users\milos\Desktop\MTM11\PPSW\Archives\Automaty\main.uvproj
Project File Date:  05/15/2025

<h2>Output:</h2>
Build target 'Target 1'
compiling main.c...
main.c(13): error:  #77-D: this declaration has no storage class or type specifier
main.c(13): error:  #65: expected a ";"
main.c(15): error:  #70: incomplete type is not allowed
main.c(15): error:  #20: identifier "LED_LEFT" is undefined
main.c(25): error:  #20: identifier "LED_RIGHT" is undefined
".\main.axf" - 5 Errors, 0 Warning(s).
Target not created
Build target 'Target 1'
compiling main.c...
linking...
Program Size: Code=1212 RO-data=32 RW-data=8 ZI-data=1256  
FromELF: creating hex file...
".\main.axf" - 0 Errors, 0 Warning(s).
Build target 'Target 1'
linking...
Program Size: Code=1212 RO-data=32 RW-data=8 ZI-data=1256  
FromELF: creating hex file...
".\main.axf" - 0 Errors, 0 Warning(s).
Rebuild target 'Target 1'
assembling Startup.s...
compiling main.c...
compiling led.c...
compiling keyboard.c...
linking...
.\main.axf: Error: L6218E: Undefined symbol main (referred from rtentry2.o).
".\main.axf" - 1 Errors, 0 Warning(s).
Target not created
