<html>
<body>
<pre>
<h1>µVision Build Log</h1>
<h2>Project:</h2>
C:\Users\milos\Desktop\ppsw\Current\Automaty - modyfikacja\main.uvproj
Project File Date:  05/25/2025

<h2>Output:</h2>
Build target 'Target 1'
compiling main.c...
led.h(4): warning:  #1-D: last line of file ends without a newline
led.h(4): error:  #84: invalid combination of type specifiers
main.c(217): warning:  #111-D: statement is unreachable
compiling led.c...
led.h(4): warning:  #1-D: last line of file ends without a newline
led.h(4): error:  #84: invalid combination of type specifiers
".\main.axf" - 2 Errors, 3 Warning(s).
Target not created
Build target 'Target 1'
compiling main.c...
led.h(4): warning:  #1-D: last line of file ends without a newline
main.c(217): warning:  #111-D: statement is unreachable
compiling led.c...
led.h(4): warning:  #1-D: last line of file ends without a newline
linking...
Program Size: Code=1468 RO-data=32 RW-data=8 ZI-data=1256  
FromELF: creating hex file...
".\main.axf" - 0 Errors, 3 Warning(s).
Build target 'Target 1'
compiling main.c...
main.c(217): warning:  #111-D: statement is unreachable
compiling led.c...
linking...
Program Size: Code=1468 RO-data=32 RW-data=8 ZI-data=1256  
FromELF: creating hex file...
".\main.axf" - 0 Errors, 1 Warning(s).
Rebuild target 'Target 1'
assembling Startup.s...
compiling main.c...
compiling led.c...
compiling keyboard.c...
linking...
Program Size: Code=1464 RO-data=32 RW-data=8 ZI-data=1256  
FromELF: creating hex file...
".\main.axf" - 0 Errors, 0 Warning(s).
Rebuild target 'Target 1'
assembling Startup.s...
compiling main.c...
main.c(220): error:  #169: expected a declaration
compiling led.c...
compiling keyboard.c...
".\main.axf" - 1 Errors, 0 Warning(s).
Target not created
Rebuild target 'Target 1'
assembling Startup.s...
compiling main.c...
compiling led.c...
compiling keyboard.c...
linking...
Program Size: Code=1492 RO-data=32 RW-data=8 ZI-data=1256  
FromELF: creating hex file...
".\main.axf" - 0 Errors, 0 Warning(s).
Rebuild target 'Target 1'
assembling Startup.s...
compiling main.c...
compiling led.c...
compiling keyboard.c...
linking...
Program Size: Code=1476 RO-data=32 RW-data=8 ZI-data=1256  
FromELF: creating hex file...
".\main.axf" - 0 Errors, 0 Warning(s).
Rebuild target 'Target 1'
assembling Startup.s...
compiling main.c...
main.c(226): warning:  #1-D: last line of file ends without a newline
compiling led.c...
compiling keyboard.c...
linking...
Program Size: Code=1876 RO-data=32 RW-data=8 ZI-data=1256  
FromELF: creating hex file...
".\main.axf" - 0 Errors, 1 Warning(s).
Rebuild target 'Target 1'
assembling Startup.s...
compiling main.c...
compiling led.c...
compiling keyboard.c...
linking...
Program Size: Code=1876 RO-data=32 RW-data=8 ZI-data=1256  
FromELF: creating hex file...
".\main.axf" - 0 Errors, 0 Warning(s).
Rebuild target 'Target 1'
assembling Startup.s...
compiling main.c...
main.c(211): warning:  #177-D: variable "cycleIndex" was declared but never referenced
compiling led.c...
compiling keyboard.c...
linking...
Program Size: Code=1924 RO-data=32 RW-data=8 ZI-data=1256  
FromELF: creating hex file...
".\main.axf" - 0 Errors, 1 Warning(s).
Rebuild target 'Target 1'
assembling Startup.s...
compiling main.c...
compiling led.c...
compiling keyboard.c...
linking...
Program Size: Code=1904 RO-data=32 RW-data=8 ZI-data=1256  
FromELF: creating hex file...
".\main.axf" - 0 Errors, 0 Warning(s).
Build target 'Target 1'
linking...
Program Size: Code=1904 RO-data=32 RW-data=8 ZI-data=1256  
FromELF: creating hex file...
".\main.axf" - 0 Errors, 0 Warning(s).
Rebuild target 'Target 1'
assembling Startup.s...
compiling main.c...
compiling led.c...
compiling keyboard.c...
linking...
Program Size: Code=1920 RO-data=32 RW-data=8 ZI-data=1256  
FromELF: creating hex file...
".\main.axf" - 0 Errors, 0 Warning(s).
Build target 'Target 1'
linking...
Program Size: Code=1920 RO-data=32 RW-data=8 ZI-data=1256  
FromELF: creating hex file...
".\main.axf" - 0 Errors, 0 Warning(s).
Rebuild target 'Target 1'
assembling Startup.s...
compiling main.c...
compiling led.c...
compiling keyboard.c...
linking...
Program Size: Code=1920 RO-data=32 RW-data=8 ZI-data=1256  
FromELF: creating hex file...
".\main.axf" - 0 Errors, 0 Warning(s).
Build target 'Target 1'
linking...
Program Size: Code=1920 RO-data=32 RW-data=8 ZI-data=1256  
FromELF: creating hex file...
".\main.axf" - 0 Errors, 0 Warning(s).
Rebuild target 'Target 1'
assembling Startup.s...
compiling main.c...
compiling led.c...
compiling keyboard.c...
linking...
Program Size: Code=1920 RO-data=32 RW-data=8 ZI-data=1256  
FromELF: creating hex file...
".\main.axf" - 0 Errors, 0 Warning(s).
Rebuild target 'Target 1'
assembling Startup.s...
compiling main.c...
compiling led.c...
compiling keyboard.c...
linking...
Program Size: Code=1920 RO-data=32 RW-data=8 ZI-data=1256  
FromELF: creating hex file...
".\main.axf" - 0 Errors, 0 Warning(s).
Build target 'Target 1'
linking...
Program Size: Code=1920 RO-data=32 RW-data=8 ZI-data=1256  
FromELF: creating hex file...
".\main.axf" - 0 Errors, 0 Warning(s).
