<html>
<body>
<pre>
<h1>µVision Build Log</h1>
<h2>Project:</h2>
C:\Users\milos\Desktop\ppsw\Current\Serwo - modyfikacje\main.uvproj
Project File Date:  06/03/2025

<h2>Output:</h2>
Rebuild target 'Target 1'
assembling Startup.s...
compiling main.c...
compiling led.c...
compiling keyboard.c...
compiling timer.c...
compiling timer_interrupts.c...
compiling servo.c...
linking...
Program Size: Code=2428 RO-data=32 RW-data=8 ZI-data=1272  
FromELF: creating hex file...
".\main.axf" - 0 Errors, 0 Warning(s).
Rebuild target 'Target 1'
assembling Startup.s...
compiling main.c...
compiling led.c...
compiling keyboard.c...
compiling timer.c...
compiling timer_interrupts.c...
compiling servo.c...
linking...
Program Size: Code=2428 RO-data=32 RW-data=8 ZI-data=1272  
FromELF: creating hex file...
".\main.axf" - 0 Errors, 0 Warning(s).
Rebuild target 'Target 1'
assembling Startup.s...
compiling main.c...
compiling led.c...
compiling keyboard.c...
compiling timer.c...
compiling timer_interrupts.c...
compiling servo.c...
linking...
Program Size: Code=2436 RO-data=32 RW-data=8 ZI-data=1272  
FromELF: creating hex file...
".\main.axf" - 0 Errors, 0 Warning(s).
Rebuild target 'Target 1'
assembling Startup.s...
compiling main.c...
compiling led.c...
compiling keyboard.c...
compiling timer.c...
compiling timer_interrupts.c...
compiling servo.c...
servo.c(11): error:  #40: expected an identifier
servo.c(45): warning:  #188-D: enumerated type mixed with another type
servo.c(53): warning:  #188-D: enumerated type mixed with another type
".\main.axf" - 1 Errors, 2 Warning(s).
Target not created
Rebuild target 'Target 1'
assembling Startup.s...
compiling main.c...
compiling led.c...
compiling keyboard.c...
compiling timer.c...
compiling timer_interrupts.c...
compiling servo.c...
linking...
Program Size: Code=2436 RO-data=32 RW-data=8 ZI-data=1272  
FromELF: creating hex file...
".\main.axf" - 0 Errors, 0 Warning(s).
Rebuild target 'Target 1'
assembling Startup.s...
compiling main.c...
compiling led.c...
compiling keyboard.c...
compiling timer.c...
compiling timer_interrupts.c...
compiling servo.c...
linking...
Program Size: Code=2436 RO-data=32 RW-data=8 ZI-data=1272  
FromELF: creating hex file...
".\main.axf" - 0 Errors, 0 Warning(s).
Rebuild target 'Target 1'
assembling Startup.s...
compiling main.c...
compiling led.c...
compiling keyboard.c...
compiling timer.c...
compiling timer_interrupts.c...
compiling servo.c...
linking...
Program Size: Code=2436 RO-data=32 RW-data=8 ZI-data=1272  
FromELF: creating hex file...
".\main.axf" - 0 Errors, 0 Warning(s).
Rebuild target 'Target 1'
assembling Startup.s...
compiling main.c...
compiling led.c...
compiling keyboard.c...
compiling timer.c...
compiling timer_interrupts.c...
compiling servo.c...
linking...
Program Size: Code=2500 RO-data=32 RW-data=8 ZI-data=1272  
FromELF: creating hex file...
".\main.axf" - 0 Errors, 0 Warning(s).
Rebuild target 'Target 1'
assembling Startup.s...
compiling main.c...
compiling led.c...
compiling keyboard.c...
compiling timer.c...
compiling timer_interrupts.c...
compiling servo.c...
linking...
Program Size: Code=2516 RO-data=32 RW-data=8 ZI-data=1272  
FromELF: creating hex file...
".\main.axf" - 0 Errors, 0 Warning(s).
Rebuild target 'Target 1'
assembling Startup.s...
compiling main.c...
compiling led.c...
compiling keyboard.c...
compiling timer.c...
compiling timer_interrupts.c...
compiling servo.c...
linking...
Program Size: Code=2436 RO-data=32 RW-data=8 ZI-data=1272  
FromELF: creating hex file...
".\main.axf" - 0 Errors, 0 Warning(s).
Rebuild target 'Target 1'
assembling Startup.s...
compiling main.c...
compiling led.c...
compiling keyboard.c...
compiling timer.c...
compiling timer_interrupts.c...
compiling servo.c...
linking...
Program Size: Code=2436 RO-data=32 RW-data=8 ZI-data=1272  
FromELF: creating hex file...
".\main.axf" - 0 Errors, 0 Warning(s).
Rebuild target 'Target 1'
assembling Startup.s...
compiling main.c...
compiling led.c...
compiling keyboard.c...
compiling timer.c...
compiling timer_interrupts.c...
compiling servo.c...
linking...
Program Size: Code=2436 RO-data=32 RW-data=8 ZI-data=1272  
FromELF: creating hex file...
".\main.axf" - 0 Errors, 0 Warning(s).
Build target 'Target 1'
linking...
Program Size: Code=2436 RO-data=32 RW-data=8 ZI-data=1272  
FromELF: creating hex file...
".\main.axf" - 0 Errors, 0 Warning(s).
Rebuild target 'Target 1'
assembling Startup.s...
compiling main.c...
compiling led.c...
compiling keyboard.c...
compiling timer.c...
compiling timer_interrupts.c...
compiling servo.c...
linking...
Program Size: Code=2436 RO-data=32 RW-data=8 ZI-data=1272  
FromELF: creating hex file...
".\main.axf" - 0 Errors, 0 Warning(s).
