<html>
<body>
<pre>
<h1>µVision Build Log</h1>
<h2>Project:</h2>
C:\Users\milos\Desktop\ppsw\Modu³y\main.uvproj
Project File Date:  05/15/2025

<h2>Output:</h2>
Build target 'Target 1'
compiling main.c...
keyboard.h(3): warning:  #1-D: last line of file ends without a newline
compiling keyboard.c...
keyboard.h(3): warning:  #1-D: last line of file ends without a newline
linking...
Program Size: Code=728 RO-data=16 RW-data=0 ZI-data=1256  
FromELF: creating hex file...
".\main.axf" - 0 Errors, 2 Warning(s).
Build target 'Target 1'
compiling main.c...
compiling keyboard.c...
linking...
Program Size: Code=728 RO-data=16 RW-data=0 ZI-data=1256  
FromELF: creating hex file...
".\main.axf" - 0 Errors, 0 Warning(s).
