<html>
<body>
<pre>
<h1>µVision Build Log</h1>
<h2>Project:</h2>
C:\Users\kmie\Desktop\ppsw\Archives\Automaty\main.uvproj
Project File Date:  05/21/2025

<h2>Output:</h2>
Rebuild target 'Target 1'
assembling Startup.s...
compiling main.c...
compiling led.c...
compiling keyboard.c...
linking...
Program Size: Code=1312 RO-data=32 RW-data=8 ZI-data=1256  
FromELF: creating hex file...
".\main.axf" - 0 Errors, 0 Warning(s).
Build target 'Target 1'
linking...
Program Size: Code=1312 RO-data=32 RW-data=8 ZI-data=1256  
FromELF: creating hex file...
".\main.axf" - 0 Errors, 0 Warning(s).
Build target 'Target 1'
compiling main.c...
main.c(178): error:  #409: function "eKeyboardRead" returns incomplete type "enum eKeyboardState"
main.c(178): error:  #20: identifier "BUTTON_0" is undefined
main.c(180): error:  #20: identifier "BUTTON_2" is undefined
main.c(185): error:  #20: identifier "BUTTON_1" is undefined
compiling led.c...
compiling keyboard.c...
".\main.axf" - 4 Errors, 0 Warning(s).
Target not created
Rebuild target 'Target 1'
assembling Startup.s...
compiling main.c...
compiling led.c...
compiling keyboard.c...
linking...
Program Size: Code=1312 RO-data=32 RW-data=8 ZI-data=1256  
FromELF: creating hex file...
".\main.axf" - 0 Errors, 0 Warning(s).
