<html>
<body>
<pre>
<h1>µVision Build Log</h1>
<h2>Project:</h2>
C:\Users\milos\Desktop\MTM11\PPSW\Modu³y\main.uvproj
Project File Date:  05/15/2025

<h2>Output:</h2>
Rebuild target 'Target 1'
assembling Startup.s...
compiling main.c...
compiling led.c...
compiling keyboard.c...
linking...
Program Size: Code=728 RO-data=16 RW-data=0 ZI-data=1256  
FromELF: creating hex file...
".\main.axf" - 0 Errors, 0 Warning(s).
Build target 'Target 1'
linking...
Program Size: Code=728 RO-data=16 RW-data=0 ZI-data=1256  
FromELF: creating hex file...
".\main.axf" - 0 Errors, 0 Warning(s).
